{
    "test-ffq-stub": {
        "content": [
            {
                "0": [
                    "SRR9990627.json:md5,d41d8cd98f00b204e9800998ecf8427e"
                ],
                "1": [
                    [
                        "FFQ",
                        "ffq",
                        "0.2.1"
                    ]
                ],
                "json": [
                    "SRR9990627.json:md5,d41d8cd98f00b204e9800998ecf8427e"
                ],
                "versions_ffq": [
                    [
                        "FFQ",
                        "ffq",
                        "0.2.1"
                    ]
                ]
            }
        ],
        "timestamp": "2026-03-22T17:03:42.67584",
        "meta": {
            "nf-test": "0.9.4",
            "nextflow": "25.10.2"
        }
    },
    "test-ffq-single-id": {
        "content": [
            {
                "0": [
                    "SRR9990627.json:md5,8a80554c91d9fca8acb82f023de02f11"
                ],
                "1": [
                    [
                        "FFQ",
                        "ffq",
                        "0.2.1"
                    ]
                ],
                "json": [
                    "SRR9990627.json:md5,8a80554c91d9fca8acb82f023de02f11"
                ],
                "versions_ffq": [
                    [
                        "FFQ",
                        "ffq",
                        "0.2.1"
                    ]
                ]
            }
        ],
        "timestamp": "2026-03-22T17:03:31.083161",
        "meta": {
            "nf-test": "0.9.4",
            "nextflow": "25.10.2"
        }
    },
    "test-ffq-multiple-ids": {
        "content": [
            {
                "0": [
                    "metadata.json:md5,8a80554c91d9fca8acb82f023de02f11"
                ],
                "1": [
                    [
                        "FFQ",
                        "ffq",
                        "0.2.1"
                    ]
                ],
                "json": [
                    "metadata.json:md5,8a80554c91d9fca8acb82f023de02f11"
                ],
                "versions_ffq": [
                    [
                        "FFQ",
                        "ffq",
                        "0.2.1"
                    ]
                ]
            }
        ],
        "timestamp": "2026-03-22T17:03:37.063211",
        "meta": {
            "nf-test": "0.9.4",
            "nextflow": "25.10.2"
        }
    }
}