{
    "Medaka": {
        "content": [
            ">MT192765.1GTTTATACCTTCCCAGGTAACAAACCAACCAACTTTCGATCTCTTGTAGATCTGTTCTCTAAACGAACTTTAAAATCTGTGTGGCTGTC",
            {
                "versions_medaka": [
                    [
                        "MEDAKA",
                        "medaka",
                        "1.4.4"
                    ]
                ]
            }
        ],
        "timestamp": "2026-03-22T19:16:23.816496",
        "meta": {
            "nf-test": "0.9.4",
            "nextflow": "25.10.2"
        }
    },
    "Medaka - stub": {
        "content": [
            {
                "0": [
                    [
                        {
                            "id": "test",
                            "single_end": true
                        },
                        "test.fa.gz:md5,68b329da9893e34099c7d8ad5cb9c940"
                    ]
                ],
                "1": [
                    [
                        "MEDAKA",
                        "medaka",
                        "1.4.4"
                    ]
                ],
                "assembly": [
                    [
                        {
                            "id": "test",
                            "single_end": true
                        },
                        "test.fa.gz:md5,68b329da9893e34099c7d8ad5cb9c940"
                    ]
                ],
                "versions_medaka": [
                    [
                        "MEDAKA",
                        "medaka",
                        "1.4.4"
                    ]
                ]
            }
        ],
        "timestamp": "2026-03-22T19:16:31.275105",
        "meta": {
            "nf-test": "0.9.4",
            "nextflow": "25.10.2"
        }
    }
}