{
    "homo_sapiens - bam - pe - p0.9 - all_output": {
        "content": [
            {
                "0": [
                    [
                        {
                            "id": "test",
                            "single_end": false
                        },
                        "test.narrowPeak:md5,82bc06c2e44e4d91152a6ac6557a2c6e"
                    ]
                ],
                "1": [
                    [
                        {
                            "id": "test",
                            "single_end": false
                        },
                        "test.pvalues.bedGraph:md5,21ad9731340e9bedc30c4d34f7db7751"
                    ]
                ],
                "2": [
                    [
                        {
                            "id": "test",
                            "single_end": false
                        },
                        "test.pileup.bedGraph:md5,03e53848de695b5794f32f15b2709203"
                    ]
                ],
                "3": [
                    [
                        {
                            "id": "test",
                            "single_end": false
                        },
                        "test.intervals.bed:md5,4bea65caa3f4043d703af4b57161112e"
                    ]
                ],
                "4": [
                    [
                        {
                            "id": "test",
                            "single_end": false
                        },
                        "test.duplicates.txt:md5,159d557af7c23bc3cfb802d87fa96c34"
                    ]
                ],
                "5": [
                    [
                        "GENRICH",
                        "genrich",
                        "0.6.1"
                    ]
                ],
                "bed_intervals": [
                    [
                        {
                            "id": "test",
                            "single_end": false
                        },
                        "test.intervals.bed:md5,4bea65caa3f4043d703af4b57161112e"
                    ]
                ],
                "bedgraph_pileup": [
                    [
                        {
                            "id": "test",
                            "single_end": false
                        },
                        "test.pileup.bedGraph:md5,03e53848de695b5794f32f15b2709203"
                    ]
                ],
                "bedgraph_pvalues": [
                    [
                        {
                            "id": "test",
                            "single_end": false
                        },
                        "test.pvalues.bedGraph:md5,21ad9731340e9bedc30c4d34f7db7751"
                    ]
                ],
                "duplicates": [
                    [
                        {
                            "id": "test",
                            "single_end": false
                        },
                        "test.duplicates.txt:md5,159d557af7c23bc3cfb802d87fa96c34"
                    ]
                ],
                "peak": [
                    [
                        {
                            "id": "test",
                            "single_end": false
                        },
                        "test.narrowPeak:md5,82bc06c2e44e4d91152a6ac6557a2c6e"
                    ]
                ],
                "versions_genrich": [
                    [
                        "GENRICH",
                        "genrich",
                        "0.6.1"
                    ]
                ]
            }
        ],
        "timestamp": "2026-03-22T17:06:50.797853",
        "meta": {
            "nf-test": "0.9.4",
            "nextflow": "25.10.2"
        }
    },
    "homo_sapiens - bam - pe - p0.1": {
        "content": [
            {
                "0": [
                    [
                        {
                            "id": "test",
                            "single_end": false
                        },
                        "test.narrowPeak:md5,6afabdd3f691c7c84c66ff8a23984681"
                    ]
                ],
                "1": [
                    
                ],
                "2": [
                    
                ],
                "3": [
                    
                ],
                "4": [
                    
                ],
                "5": [
                    [
                        "GENRICH",
                        "genrich",
                        "0.6.1"
                    ]
                ],
                "bed_intervals": [
                    
                ],
                "bedgraph_pileup": [
                    
                ],
                "bedgraph_pvalues": [
                    
                ],
                "duplicates": [
                    
                ],
                "peak": [
                    [
                        {
                            "id": "test",
                            "single_end": false
                        },
                        "test.narrowPeak:md5,6afabdd3f691c7c84c66ff8a23984681"
                    ]
                ],
                "versions_genrich": [
                    [
                        "GENRICH",
                        "genrich",
                        "0.6.1"
                    ]
                ]
            }
        ],
        "timestamp": "2026-03-22T17:06:34.140669",
        "meta": {
            "nf-test": "0.9.4",
            "nextflow": "25.10.2"
        }
    },
    "homo_sapiens - bam - pe - ctrl - p0.9": {
        "content": [
            {
                "0": [
                    [
                        {
                            "id": "test",
                            "single_end": false
                        },
                        "test.narrowPeak:md5,2fcc392360b317f5ebee88cdbc149e05"
                    ]
                ],
                "1": [
                    
                ],
                "2": [
                    
                ],
                "3": [
                    
                ],
                "4": [
                    
                ],
                "5": [
                    [
                        "GENRICH",
                        "genrich",
                        "0.6.1"
                    ]
                ],
                "bed_intervals": [
                    
                ],
                "bedgraph_pileup": [
                    
                ],
                "bedgraph_pvalues": [
                    
                ],
                "duplicates": [
                    
                ],
                "peak": [
                    [
                        {
                            "id": "test",
                            "single_end": false
                        },
                        "test.narrowPeak:md5,2fcc392360b317f5ebee88cdbc149e05"
                    ]
                ],
                "versions_genrich": [
                    [
                        "GENRICH",
                        "genrich",
                        "0.6.1"
                    ]
                ]
            }
        ],
        "timestamp": "2026-03-22T17:06:39.946173",
        "meta": {
            "nf-test": "0.9.4",
            "nextflow": "25.10.2"
        }
    },
    "homo_sapiens - bam - se - ctrl - p0.9": {
        "content": [
            {
                "0": [
                    [
                        {
                            "id": "test",
                            "single_end": true
                        },
                        "test.narrowPeak:md5,1a835e303b090b5eea91b8e4f5cc1df6"
                    ]
                ],
                "1": [
                    
                ],
                "2": [
                    
                ],
                "3": [
                    
                ],
                "4": [
                    
                ],
                "5": [
                    [
                        "GENRICH",
                        "genrich",
                        "0.6.1"
                    ]
                ],
                "bed_intervals": [
                    
                ],
                "bedgraph_pileup": [
                    
                ],
                "bedgraph_pvalues": [
                    
                ],
                "duplicates": [
                    
                ],
                "peak": [
                    [
                        {
                            "id": "test",
                            "single_end": true
                        },
                        "test.narrowPeak:md5,1a835e303b090b5eea91b8e4f5cc1df6"
                    ]
                ],
                "versions_genrich": [
                    [
                        "GENRICH",
                        "genrich",
                        "0.6.1"
                    ]
                ]
            }
        ],
        "timestamp": "2026-03-22T17:06:45.504878",
        "meta": {
            "nf-test": "0.9.4",
            "nextflow": "25.10.2"
        }
    },
    "homo_sapiens - bam - pe - atacseq - p0.1": {
        "content": [
            {
                "0": [
                    [
                        {
                            "id": "test",
                            "single_end": false
                        },
                        "test.narrowPeak:md5,ddea556b820f8be3695ffdf6c6f70aff"
                    ]
                ],
                "1": [
                    
                ],
                "2": [
                    
                ],
                "3": [
                    
                ],
                "4": [
                    
                ],
                "5": [
                    [
                        "GENRICH",
                        "genrich",
                        "0.6.1"
                    ]
                ],
                "bed_intervals": [
                    
                ],
                "bedgraph_pileup": [
                    
                ],
                "bedgraph_pvalues": [
                    
                ],
                "duplicates": [
                    
                ],
                "peak": [
                    [
                        {
                            "id": "test",
                            "single_end": false
                        },
                        "test.narrowPeak:md5,ddea556b820f8be3695ffdf6c6f70aff"
                    ]
                ],
                "versions_genrich": [
                    [
                        "GENRICH",
                        "genrich",
                        "0.6.1"
                    ]
                ]
            }
        ],
        "timestamp": "2026-03-22T17:07:02.297205",
        "meta": {
            "nf-test": "0.9.4",
            "nextflow": "25.10.2"
        }
    },
    "homo_sapiens - bam - pe - stub": {
        "content": [
            {
                "0": [
                    [
                        {
                            "id": "test",
                            "single_end": false
                        },
                        "test.narrowPeak:md5,d41d8cd98f00b204e9800998ecf8427e"
                    ]
                ],
                "1": [
                    [
                        {
                            "id": "test",
                            "single_end": false
                        },
                        "test.pvalues.bedGraph:md5,d41d8cd98f00b204e9800998ecf8427e"
                    ]
                ],
                "2": [
                    [
                        {
                            "id": "test",
                            "single_end": false
                        },
                        "test.pileup.bedGraph:md5,d41d8cd98f00b204e9800998ecf8427e"
                    ]
                ],
                "3": [
                    [
                        {
                            "id": "test",
                            "single_end": false
                        },
                        "test.intervals.bed:md5,d41d8cd98f00b204e9800998ecf8427e"
                    ]
                ],
                "4": [
                    [
                        {
                            "id": "test",
                            "single_end": false
                        },
                        "test.duplicates.txt:md5,d41d8cd98f00b204e9800998ecf8427e"
                    ]
                ],
                "5": [
                    [
                        "GENRICH",
                        "genrich",
                        "0.6.1"
                    ]
                ],
                "bed_intervals": [
                    [
                        {
                            "id": "test",
                            "single_end": false
                        },
                        "test.intervals.bed:md5,d41d8cd98f00b204e9800998ecf8427e"
                    ]
                ],
                "bedgraph_pileup": [
                    [
                        {
                            "id": "test",
                            "single_end": false
                        },
                        "test.pileup.bedGraph:md5,d41d8cd98f00b204e9800998ecf8427e"
                    ]
                ],
                "bedgraph_pvalues": [
                    [
                        {
                            "id": "test",
                            "single_end": false
                        },
                        "test.pvalues.bedGraph:md5,d41d8cd98f00b204e9800998ecf8427e"
                    ]
                ],
                "duplicates": [
                    [
                        {
                            "id": "test",
                            "single_end": false
                        },
                        "test.duplicates.txt:md5,d41d8cd98f00b204e9800998ecf8427e"
                    ]
                ],
                "peak": [
                    [
                        {
                            "id": "test",
                            "single_end": false
                        },
                        "test.narrowPeak:md5,d41d8cd98f00b204e9800998ecf8427e"
                    ]
                ],
                "versions_genrich": [
                    [
                        "GENRICH",
                        "genrich",
                        "0.6.1"
                    ]
                ]
            }
        ],
        "timestamp": "2026-03-22T17:07:13.511947",
        "meta": {
            "nf-test": "0.9.4",
            "nextflow": "25.10.2"
        }
    },
    "homo_sapiens - blacklist": {
        "content": [
            {
                "0": [
                    [
                        {
                            "id": "test",
                            "single_end": false
                        },
                        "test.narrowPeak:md5,6afabdd3f691c7c84c66ff8a23984681"
                    ]
                ],
                "1": [
                    
                ],
                "2": [
                    
                ],
                "3": [
                    
                ],
                "4": [
                    
                ],
                "5": [
                    [
                        "GENRICH",
                        "genrich",
                        "0.6.1"
                    ]
                ],
                "bed_intervals": [
                    
                ],
                "bedgraph_pileup": [
                    
                ],
                "bedgraph_pvalues": [
                    
                ],
                "duplicates": [
                    
                ],
                "peak": [
                    [
                        {
                            "id": "test",
                            "single_end": false
                        },
                        "test.narrowPeak:md5,6afabdd3f691c7c84c66ff8a23984681"
                    ]
                ],
                "versions_genrich": [
                    [
                        "GENRICH",
                        "genrich",
                        "0.6.1"
                    ]
                ]
            }
        ],
        "timestamp": "2026-03-22T17:06:56.677173",
        "meta": {
            "nf-test": "0.9.4",
            "nextflow": "25.10.2"
        }
    },
    "homo_sapiens - bam - pe - bed - p0.9": {
        "content": [
            {
                "0": [
                    [
                        {
                            "id": "test",
                            "single_end": false
                        },
                        "test.narrowPeak:md5,f793e0ff59274e6364151a7cd4eeeafd"
                    ]
                ],
                "1": [
                    
                ],
                "2": [
                    
                ],
                "3": [
                    
                ],
                "4": [
                    
                ],
                "5": [
                    [
                        "GENRICH",
                        "genrich",
                        "0.6.1"
                    ]
                ],
                "bed_intervals": [
                    
                ],
                "bedgraph_pileup": [
                    
                ],
                "bedgraph_pvalues": [
                    
                ],
                "duplicates": [
                    
                ],
                "peak": [
                    [
                        {
                            "id": "test",
                            "single_end": false
                        },
                        "test.narrowPeak:md5,f793e0ff59274e6364151a7cd4eeeafd"
                    ]
                ],
                "versions_genrich": [
                    [
                        "GENRICH",
                        "genrich",
                        "0.6.1"
                    ]
                ]
            }
        ],
        "timestamp": "2026-03-22T17:07:08.164844",
        "meta": {
            "nf-test": "0.9.4",
            "nextflow": "25.10.2"
        }
    }
}